[assembly: System.Reflection.AssemblyMetadata("RepositoryUrl", "https://github.com/veggerby/shardis")]
[assembly: System.Resources.NeutralResourcesLanguage("en")]
namespace Shardis.Logging.Console
{
    public sealed class ConsoleShardisLogger : Shardis.Logging.IShardisLogger
    {
        public ConsoleShardisLogger(Shardis.Logging.ShardisLogLevel minimumLevel = 2) { }
        public bool IsEnabled(Shardis.Logging.ShardisLogLevel level) { }
        public void Log(Shardis.Logging.ShardisLogLevel level, string message, System.Exception? exception = null, System.Collections.Generic.IReadOnlyDictionary<string, object?>? tags = null) { }
    }
}