[assembly: System.Reflection.AssemblyMetadata("RepositoryUrl", "https://github.com/veggerby/shardis")]
[assembly: System.Resources.NeutralResourcesLanguage("en")]
namespace Shardis.Query.Execution.EFCore
{
    public sealed class EfCoreShardQueryExecutor : Shardis.Query.Execution.IShardQueryExecutor
    {
        public EfCoreShardQueryExecutor(int shardCount, System.Func<int, Microsoft.EntityFrameworkCore.DbContext> contextFactory, System.Func<System.Collections.Generic.IEnumerable<System.Collections.Generic.IAsyncEnumerable<object>>, System.Threading.CancellationToken, System.Collections.Generic.IAsyncEnumerable<object>> merge, Shardis.Query.Diagnostics.IQueryMetricsObserver? metrics = null, int? commandTimeoutSeconds = default) { }
        public Shardis.Query.IShardQueryCapabilities Capabilities { get; }
        public System.Collections.Generic.IAsyncEnumerable<TResult> ExecuteAsync<TResult>(Shardis.Query.QueryModel model, System.Threading.CancellationToken ct = default) { }
    }
}