[assembly: System.Reflection.AssemblyMetadata("RepositoryUrl", "https://github.com/veggerby/shardis")]
[assembly: System.Resources.NeutralResourcesLanguage("en")]
namespace Shardis.Logging.Microsoft
{
    public sealed class MicrosoftLoggerAdapter : Shardis.Logging.IShardisLogger
    {
        public MicrosoftLoggerAdapter(Microsoft.Extensions.Logging.ILogger logger, System.Func<Shardis.Logging.ShardisLogLevel, Microsoft.Extensions.Logging.LogLevel>? levelMap = null) { }
        public bool IsEnabled(Shardis.Logging.ShardisLogLevel level) { }
        public void Log(Shardis.Logging.ShardisLogLevel level, string message, System.Exception? exception = null, System.Collections.Generic.IReadOnlyDictionary<string, object?>? tags = null) { }
    }
    public static class ShardisMicrosoftLoggingExtensions
    {
        public static Shardis.Logging.IShardisLogger CreateShardisLogger(this Microsoft.Extensions.Logging.ILoggerFactory factory, string category = "Shardis", System.Func<Shardis.Logging.ShardisLogLevel, Microsoft.Extensions.Logging.LogLevel>? levelMap = null) { }
    }
}